{"synthetic": false,
 "schemaVersion": "2025-09-10",
 "outputs":
 {"o": ["363dc4a3b0e329eb.olean"],
  "m": false,
  "i": "a37b949e28330ce6.ilean",
  "c": "a71337d5ed701684.c"},
 "log":
 [{"message":
   ".> LEAN_PATH=/Users/ostensible_paradox/Documents/neurips26/verification/.lake/packages/Cli/.lake/build/lib/lean:/Users/ostensible_paradox/Documents/neurips26/verification/.lake/packages/batteries/.lake/build/lib/lean:/Users/ostensible_paradox/Documents/neurips26/verification/.lake/packages/Qq/.lake/build/lib/lean:/Users/ostensible_paradox/Documents/neurips26/verification/.lake/packages/aesop/.lake/build/lib/lean:/Users/ostensible_paradox/Documents/neurips26/verification/.lake/packages/proofwidgets/.lake/build/lib/lean:/Users/ostensible_paradox/Documents/neurips26/verification/.lake/packages/importGraph/.lake/build/lib/lean:/Users/ostensible_paradox/Documents/neurips26/verification/.lake/packages/LeanSearchClient/.lake/build/lib/lean:/Users/ostensible_paradox/Documents/neurips26/verification/.lake/packages/plausible/.lake/build/lib/lean:/Users/ostensible_paradox/Documents/neurips26/verification/.lake/packages/mathlib/.lake/build/lib/lean:/Users/ostensible_paradox/Documents/neurips26/verification/.lake/build/lib/lean /Users/ostensible_paradox/.elan/toolchains/leanprover--lean4---v4.30.0-rc1/bin/lean /Users/ostensible_paradox/Documents/neurips26/verification/FiniteQuerySandbox.lean -o /Users/ostensible_paradox/Documents/neurips26/verification/.lake/build/lib/lean/FiniteQuerySandbox.olean -i /Users/ostensible_paradox/Documents/neurips26/verification/.lake/build/lib/lean/FiniteQuerySandbox.ilean -c /Users/ostensible_paradox/Documents/neurips26/verification/.lake/build/ir/FiniteQuerySandbox.c --setup /Users/ostensible_paradox/Documents/neurips26/verification/.lake/build/ir/FiniteQuerySandbox.setup.json --json",
   "level": "trace"}],
 "inputs":
 [["FiniteQuerySandbox:deps",
   [["deps",
     [["finiteQuerySandbox/FiniteQuerySandbox:extraDep",
       [["@finiteQuerySandbox:extraDep", "00000000000006bb"]]],
      ["imports",
       [["FiniteQuerySandbox.Tools transitive imports (legacy)",
         "00000000000006bb"],
        ["FiniteQuerySandbox.Tools:importAllArts", "f64c9fc72516dde0"],
        ["FiniteQuerySandbox.InfoTheory transitive imports (legacy)",
         "e987ad2cbfa11248"],
        ["FiniteQuerySandbox.InfoTheory:importAllArts", "a2c73ca0323168c5"],
        ["FiniteQuerySandbox.QuantizedBound transitive imports (legacy)",
         "ca77bc26c9182117"],
        ["FiniteQuerySandbox.QuantizedBound:importAllArts", "2184819458fee5c6"],
        ["FiniteQuerySandbox.IdentifiabilityGap transitive imports (legacy)",
         "ca77bc26c9182117"],
        ["FiniteQuerySandbox.IdentifiabilityGap:importAllArts",
         "04fb61b5ef55aef4"],
        ["FiniteQuerySandbox.CMI_Nonneg transitive imports (legacy)",
         "cf6991a52d12db93"],
        ["FiniteQuerySandbox.CMI_Nonneg:importAllArts", "e554764a7cc17fb5"],
        ["FiniteQuerySandbox.DualCertificate transitive imports (legacy)",
         "ca77bc26c9182117"],
        ["FiniteQuerySandbox.DualCertificate:importAllArts",
         "713c81a8b035294f"],
        ["FiniteQuerySandbox.ChannelCapacity transitive imports (legacy)",
         "cf6991a52d12db93"],
        ["FiniteQuerySandbox.ChannelCapacity:importAllArts",
         "924557be1ca32ab4"],
        ["FiniteQuerySandbox.CaseStudy transitive imports (legacy)",
         "35b286d32853a473"],
        ["FiniteQuerySandbox.CaseStudy:importAllArts", "b11d07a0c3e16d0d"],
        ["FiniteQuerySandbox.CutSetBoundExtract transitive imports (legacy)",
         "8931c4cdd8d77a62"],
        ["FiniteQuerySandbox.CutSetBoundExtract:importAllArts",
         "fe7c50b82012a95a"],
        ["FiniteQuerySandbox.TraceRecoverability transitive imports (legacy)",
         "dba5046600c27f37"],
        ["FiniteQuerySandbox.TraceRecoverability:importAllArts",
         "264cfd329822c5f5"],
        ["FiniteQuerySandbox.TraceRecoverabilityBridge transitive imports (legacy)",
         "6db24c9717ef07e1"],
        ["FiniteQuerySandbox.TraceRecoverabilityBridge:importAllArts",
         "32220b827370b673"],
        ["FiniteQuerySandbox.QuotientFactorization transitive imports (legacy)",
         "05df50df351f00e3"],
        ["FiniteQuerySandbox.QuotientFactorization:importAllArts",
         "3d078465b2533ff2"],
        ["FiniteQuerySandbox.GeometricTools transitive imports (legacy)",
         "382e707501b21ab9"],
        ["FiniteQuerySandbox.GeometricTools:importAllArts", "006899e59bf52dad"],
        ["FiniteQuerySandbox.CoveringBound transitive imports (legacy)",
         "31303c5a69e42b5c"],
        ["FiniteQuerySandbox.CoveringBound:importAllArts", "58cea29c2d34d63a"],
        ["FiniteQuerySandbox.PACBounds transitive imports (legacy)",
         "3b9fc1e2d2ff362c"],
        ["FiniteQuerySandbox.PACBounds:importAllArts", "463a0940677ac427"],
        ["FiniteQuerySandbox.FiniteQueryDecisionImpossibility transitive imports (legacy)",
         "403f3e442a143d24"],
        ["FiniteQuerySandbox.FiniteQueryDecisionImpossibility:importAllArts",
         "79c0ec4b770bdc7e"],
        ["FiniteQuerySandbox.PredictabilityRouteImpossibility transitive imports (legacy)",
         "8ae7942523c22b43"],
        ["FiniteQuerySandbox.PredictabilityRouteImpossibility:importAllArts",
         "8d8e96af44259177"],
        ["FiniteQuerySandbox.SeparatedPackingImpossibility transitive imports (legacy)",
         "7048b729d52a7e63"],
        ["FiniteQuerySandbox.SeparatedPackingImpossibility:importAllArts",
         "f2ad3ea315f9fcff"],
        ["FiniteQuerySandbox.DAGParser transitive imports (legacy)",
         "561b610a54293a28"],
        ["FiniteQuerySandbox.DAGParser:importAllArts", "2d0ba54631a209fc"],
        ["FiniteQuerySandbox.MarkovGenerator transitive imports (legacy)",
         "219c461b76f28ab4"],
        ["FiniteQuerySandbox.MarkovGenerator:importAllArts",
         "814b5cedd29e0c9c"],
        ["FiniteQuerySandbox.DSepCMIBridge transitive imports (legacy)",
         "a4d5c840886ab23e"],
        ["FiniteQuerySandbox.DSepCMIBridge:importAllArts",
         "8df8b68ce994837b"]]]]],
    ["libs",
     [["import dynlibs", "00000000000006bb"],
      ["package external libraries", "00000000000006bb"],
      ["module dynlibs", "00000000000006bb"],
      ["module plugins", "00000000000006bb"]]]]],
  ["Lean 4.30.0, commit 714601baf118066cbf3f282361339c6d06665b2a",
   "a22979b798cee25b"],
  ["/Users/ostensible_paradox/Documents/neurips26/verification/FiniteQuerySandbox.lean",
   "1b3652e917b882c6"],
  ["options", [["-DautoImplicit=false", "4a85acb881fd49d0"]]],
  ["isModule: false", "feefd2a0d3a1847e"],
  ["Module.name: FiniteQuerySandbox", "117a8c78d935cc6c"],
  ["Package.id?: (some finiteQuerySandbox)", "120e662da75708e8"],
  ["Module.leanArgs: #[]", "00000000000006bb"]],
 "depHash": "074190b49c5fceca"}