{"synthetic": false,
 "schemaVersion": "2025-09-10",
 "outputs":
 {"o": ["c254cd8332d8f5b8.olean"],
  "m": false,
  "i": "eba57b082a7f4760.ilean",
  "c": "aa40b3cae15d4ee4.c"},
 "log":
 [{"message":
   ".> LEAN_PATH=/Users/ostensible_paradox/Documents/neurips26/verification/.lake/packages/Cli/.lake/build/lib/lean:/Users/ostensible_paradox/Documents/neurips26/verification/.lake/packages/batteries/.lake/build/lib/lean:/Users/ostensible_paradox/Documents/neurips26/verification/.lake/packages/Qq/.lake/build/lib/lean:/Users/ostensible_paradox/Documents/neurips26/verification/.lake/packages/aesop/.lake/build/lib/lean:/Users/ostensible_paradox/Documents/neurips26/verification/.lake/packages/proofwidgets/.lake/build/lib/lean:/Users/ostensible_paradox/Documents/neurips26/verification/.lake/packages/importGraph/.lake/build/lib/lean:/Users/ostensible_paradox/Documents/neurips26/verification/.lake/packages/LeanSearchClient/.lake/build/lib/lean:/Users/ostensible_paradox/Documents/neurips26/verification/.lake/packages/plausible/.lake/build/lib/lean:/Users/ostensible_paradox/Documents/neurips26/verification/.lake/packages/mathlib/.lake/build/lib/lean:/Users/ostensible_paradox/Documents/neurips26/verification/.lake/build/lib/lean /Users/ostensible_paradox/.elan/toolchains/leanprover--lean4---v4.30.0-rc1/bin/lean /Users/ostensible_paradox/Documents/neurips26/verification/FiniteQuerySandbox/CaseStudy.lean -o /Users/ostensible_paradox/Documents/neurips26/verification/.lake/build/lib/lean/FiniteQuerySandbox/CaseStudy.olean -i /Users/ostensible_paradox/Documents/neurips26/verification/.lake/build/lib/lean/FiniteQuerySandbox/CaseStudy.ilean -c /Users/ostensible_paradox/Documents/neurips26/verification/.lake/build/ir/FiniteQuerySandbox/CaseStudy.c --setup /Users/ostensible_paradox/Documents/neurips26/verification/.lake/build/ir/FiniteQuerySandbox/CaseStudy.setup.json --json",
   "level": "trace"}],
 "inputs":
 [["FiniteQuerySandbox.CaseStudy:deps",
   [["deps",
     [["finiteQuerySandbox/FiniteQuerySandbox:extraDep",
       [["@finiteQuerySandbox:extraDep", "00000000000006bb"]]],
      ["imports",
       [["Mathlib transitive imports (legacy)", "a207dd903ca3d7b4"],
        ["Mathlib:importAllArts", "2729a0c7f707ddd8"],
        ["FiniteQuerySandbox.InfoTheory transitive imports (legacy)",
         "e987ad2cbfa11248"],
        ["FiniteQuerySandbox.InfoTheory:importAllArts", "a2c73ca0323168c5"],
        ["FiniteQuerySandbox.ChannelCapacity transitive imports (legacy)",
         "cf6991a52d12db93"],
        ["FiniteQuerySandbox.ChannelCapacity:importAllArts",
         "924557be1ca32ab4"],
        ["FiniteQuerySandbox.MarkovGenerator transitive imports (legacy)",
         "219c461b76f28ab4"],
        ["FiniteQuerySandbox.MarkovGenerator:importAllArts",
         "814b5cedd29e0c9c"],
        ["FiniteQuerySandbox.CutSetBoundExtract transitive imports (legacy)",
         "8931c4cdd8d77a62"],
        ["FiniteQuerySandbox.CutSetBoundExtract:importAllArts",
         "fe7c50b82012a95a"]]]]],
    ["libs",
     [["import dynlibs", "00000000000006bb"],
      ["package external libraries", "00000000000006bb"],
      ["module dynlibs", "00000000000006bb"],
      ["module plugins", "00000000000006bb"]]]]],
  ["Lean 4.30.0, commit 714601baf118066cbf3f282361339c6d06665b2a",
   "a22979b798cee25b"],
  ["/Users/ostensible_paradox/Documents/neurips26/verification/FiniteQuerySandbox/CaseStudy.lean",
   "974d737bd881c26c"],
  ["options", [["-DautoImplicit=false", "4a85acb881fd49d0"]]],
  ["isModule: false", "feefd2a0d3a1847e"],
  ["Module.name: FiniteQuerySandbox.CaseStudy", "5fd9067fcd123aea"],
  ["Package.id?: (some finiteQuerySandbox)", "120e662da75708e8"],
  ["Module.leanArgs: #[]", "00000000000006bb"]],
 "depHash": "0bcf98c9b3d0fbb9"}