{"synthetic": false,
 "schemaVersion": "2025-09-10",
 "outputs":
 {"o": ["fdf011a85cbbfdff.olean"],
  "m": false,
  "i": "1eb21046f3d1f3c0.ilean",
  "c": "5292fe5e5a581786.c"},
 "log":
 [{"message":
   ".> LEAN_PATH=/Users/ostensible_paradox/Documents/neurips26/verification/.lake/packages/Cli/.lake/build/lib/lean:/Users/ostensible_paradox/Documents/neurips26/verification/.lake/packages/batteries/.lake/build/lib/lean:/Users/ostensible_paradox/Documents/neurips26/verification/.lake/packages/Qq/.lake/build/lib/lean:/Users/ostensible_paradox/Documents/neurips26/verification/.lake/packages/aesop/.lake/build/lib/lean:/Users/ostensible_paradox/Documents/neurips26/verification/.lake/packages/proofwidgets/.lake/build/lib/lean:/Users/ostensible_paradox/Documents/neurips26/verification/.lake/packages/importGraph/.lake/build/lib/lean:/Users/ostensible_paradox/Documents/neurips26/verification/.lake/packages/LeanSearchClient/.lake/build/lib/lean:/Users/ostensible_paradox/Documents/neurips26/verification/.lake/packages/plausible/.lake/build/lib/lean:/Users/ostensible_paradox/Documents/neurips26/verification/.lake/packages/mathlib/.lake/build/lib/lean:/Users/ostensible_paradox/Documents/neurips26/verification/.lake/build/lib/lean /Users/ostensible_paradox/.elan/toolchains/leanprover--lean4---v4.30.0-rc1/bin/lean /Users/ostensible_paradox/Documents/neurips26/verification/FiniteQuerySandbox/GeometricImpossibility.lean -o /Users/ostensible_paradox/Documents/neurips26/verification/.lake/build/lib/lean/FiniteQuerySandbox/GeometricImpossibility.olean -i /Users/ostensible_paradox/Documents/neurips26/verification/.lake/build/lib/lean/FiniteQuerySandbox/GeometricImpossibility.ilean -c /Users/ostensible_paradox/Documents/neurips26/verification/.lake/build/ir/FiniteQuerySandbox/GeometricImpossibility.c --setup /Users/ostensible_paradox/Documents/neurips26/verification/.lake/build/ir/FiniteQuerySandbox/GeometricImpossibility.setup.json --json",
   "level": "trace"}],
 "inputs":
 [["FiniteQuerySandbox.GeometricImpossibility:deps",
   [["deps",
     [["finiteQuerySandbox/FiniteQuerySandbox:extraDep",
       [["@finiteQuerySandbox:extraDep", "00000000000006bb"]]],
      ["imports",
       [["FiniteQuerySandbox.Tools transitive imports (legacy)",
         "00000000000006bb"],
        ["FiniteQuerySandbox.Tools:importAllArts", "f64c9fc72516dde0"],
        ["FiniteQuerySandbox.GeometricTools transitive imports (legacy)",
         "382e707501b21ab9"],
        ["FiniteQuerySandbox.GeometricTools:importAllArts", "006899e59bf52dad"],
        ["Mathlib.Data.Set.Finite.Basic transitive imports (legacy)",
         "412244916e9fbed1"],
        ["Mathlib.Data.Set.Finite.Basic:importAllArts", "3df4a5bee9b0d8aa"],
        ["Mathlib.Topology.MetricSpace.Basic transitive imports (legacy)",
         "e6709a0e9d67d466"],
        ["Mathlib.Topology.MetricSpace.Basic:importAllArts",
         "6cc6ee5725d9cd4e"]]]]],
    ["libs",
     [["import dynlibs", "00000000000006bb"],
      ["package external libraries", "00000000000006bb"],
      ["module dynlibs", "00000000000006bb"],
      ["module plugins", "00000000000006bb"]]]]],
  ["Lean 4.30.0, commit 714601baf118066cbf3f282361339c6d06665b2a",
   "a22979b798cee25b"],
  ["/Users/ostensible_paradox/Documents/neurips26/verification/FiniteQuerySandbox/GeometricImpossibility.lean",
   "b31a3644a0c0e1dd"],
  ["options", [["-DautoImplicit=false", "4a85acb881fd49d0"]]],
  ["isModule: false", "feefd2a0d3a1847e"],
  ["Module.name: FiniteQuerySandbox.GeometricImpossibility",
   "7ce225b343dd5428"],
  ["Package.id?: (some finiteQuerySandbox)", "120e662da75708e8"],
  ["Module.leanArgs: #[]", "00000000000006bb"]],
 "depHash": "f6aa3b2efac430b3"}