{"synthetic": false,
 "schemaVersion": "2025-09-10",
 "outputs":
 {"o": ["ce61a5b61a9c3cd1.olean"],
  "m": false,
  "i": "132a0846094105b7.ilean",
  "c": "2b45a72ab2f9692b.c"},
 "log":
 [{"message":
   ".> LEAN_PATH=/Users/ostensible_paradox/Documents/neurips26/verification/.lake/packages/Cli/.lake/build/lib/lean:/Users/ostensible_paradox/Documents/neurips26/verification/.lake/packages/batteries/.lake/build/lib/lean:/Users/ostensible_paradox/Documents/neurips26/verification/.lake/packages/Qq/.lake/build/lib/lean:/Users/ostensible_paradox/Documents/neurips26/verification/.lake/packages/aesop/.lake/build/lib/lean:/Users/ostensible_paradox/Documents/neurips26/verification/.lake/packages/proofwidgets/.lake/build/lib/lean:/Users/ostensible_paradox/Documents/neurips26/verification/.lake/packages/importGraph/.lake/build/lib/lean:/Users/ostensible_paradox/Documents/neurips26/verification/.lake/packages/LeanSearchClient/.lake/build/lib/lean:/Users/ostensible_paradox/Documents/neurips26/verification/.lake/packages/plausible/.lake/build/lib/lean:/Users/ostensible_paradox/Documents/neurips26/verification/.lake/packages/mathlib/.lake/build/lib/lean:/Users/ostensible_paradox/Documents/neurips26/verification/.lake/build/lib/lean /Users/ostensible_paradox/.elan/toolchains/leanprover--lean4---v4.30.0-rc1/bin/lean /Users/ostensible_paradox/Documents/neurips26/verification/FiniteQuerySandbox/QuotientFactorization.lean -o /Users/ostensible_paradox/Documents/neurips26/verification/.lake/build/lib/lean/FiniteQuerySandbox/QuotientFactorization.olean -i /Users/ostensible_paradox/Documents/neurips26/verification/.lake/build/lib/lean/FiniteQuerySandbox/QuotientFactorization.ilean -c /Users/ostensible_paradox/Documents/neurips26/verification/.lake/build/ir/FiniteQuerySandbox/QuotientFactorization.c --setup /Users/ostensible_paradox/Documents/neurips26/verification/.lake/build/ir/FiniteQuerySandbox/QuotientFactorization.setup.json --json",
   "level": "trace"}],
 "inputs":
 [["FiniteQuerySandbox.QuotientFactorization:deps",
   [["deps",
     [["finiteQuerySandbox/FiniteQuerySandbox:extraDep",
       [["@finiteQuerySandbox:extraDep", "00000000000006bb"]]],
      ["imports",
       [["FiniteQuerySandbox.SemanticClosureIff transitive imports (legacy)",
         "d9cccdc7653cde5f"],
        ["FiniteQuerySandbox.SemanticClosureIff:importAllArts",
         "e77015841449cc9b"]]]]],
    ["libs",
     [["import dynlibs", "00000000000006bb"],
      ["package external libraries", "00000000000006bb"],
      ["module dynlibs", "00000000000006bb"],
      ["module plugins", "00000000000006bb"]]]]],
  ["Lean 4.30.0, commit 714601baf118066cbf3f282361339c6d06665b2a",
   "a22979b798cee25b"],
  ["/Users/ostensible_paradox/Documents/neurips26/verification/FiniteQuerySandbox/QuotientFactorization.lean",
   "f9d912f3fe0aeb30"],
  ["options", [["-DautoImplicit=false", "4a85acb881fd49d0"]]],
  ["isModule: false", "feefd2a0d3a1847e"],
  ["Module.name: FiniteQuerySandbox.QuotientFactorization", "d13e7eedf91aa40f"],
  ["Package.id?: (some finiteQuerySandbox)", "120e662da75708e8"],
  ["Module.leanArgs: #[]", "00000000000006bb"]],
 "depHash": "8cabde8abfc715a3"}