{"synthetic": false,
 "schemaVersion": "2025-09-10",
 "outputs":
 {"o": ["f19ddb47b2df606b.olean"],
  "m": false,
  "i": "df7c2a93f0db0f47.ilean",
  "c": "f59787d36f12054e.c"},
 "log":
 [{"message":
   ".> LEAN_PATH=/Users/ostensible_paradox/Documents/neurips26/verification/.lake/packages/Cli/.lake/build/lib/lean:/Users/ostensible_paradox/Documents/neurips26/verification/.lake/packages/batteries/.lake/build/lib/lean:/Users/ostensible_paradox/Documents/neurips26/verification/.lake/packages/Qq/.lake/build/lib/lean:/Users/ostensible_paradox/Documents/neurips26/verification/.lake/packages/aesop/.lake/build/lib/lean:/Users/ostensible_paradox/Documents/neurips26/verification/.lake/packages/proofwidgets/.lake/build/lib/lean:/Users/ostensible_paradox/Documents/neurips26/verification/.lake/packages/importGraph/.lake/build/lib/lean:/Users/ostensible_paradox/Documents/neurips26/verification/.lake/packages/LeanSearchClient/.lake/build/lib/lean:/Users/ostensible_paradox/Documents/neurips26/verification/.lake/packages/plausible/.lake/build/lib/lean:/Users/ostensible_paradox/Documents/neurips26/verification/.lake/packages/mathlib/.lake/build/lib/lean:/Users/ostensible_paradox/Documents/neurips26/verification/.lake/build/lib/lean /Users/ostensible_paradox/.elan/toolchains/leanprover--lean4---v4.30.0-rc1/bin/lean /Users/ostensible_paradox/Documents/neurips26/verification/FiniteQuerySandbox/DAG/all.lean -o /Users/ostensible_paradox/Documents/neurips26/verification/.lake/build/lib/lean/FiniteQuerySandbox/DAG/all.olean -i /Users/ostensible_paradox/Documents/neurips26/verification/.lake/build/lib/lean/FiniteQuerySandbox/DAG/all.ilean -c /Users/ostensible_paradox/Documents/neurips26/verification/.lake/build/ir/FiniteQuerySandbox/DAG/all.c --setup /Users/ostensible_paradox/Documents/neurips26/verification/.lake/build/ir/FiniteQuerySandbox/DAG/all.setup.json --json",
   "level": "trace"}],
 "inputs":
 [["FiniteQuerySandbox.DAG.all:deps",
   [["deps",
     [["finiteQuerySandbox/FiniteQuerySandbox:extraDep",
       [["@finiteQuerySandbox:extraDep", "00000000000006bb"]]],
      ["imports",
       [["FiniteQuerySandbox.DAG.Basic transitive imports (legacy)",
         "d9cccdc7653cde5f"],
        ["FiniteQuerySandbox.DAG.Basic:importAllArts", "2e017cd7460c13c4"],
        ["FiniteQuerySandbox.DAG.Ancestry transitive imports (legacy)",
         "58f02ad1e4e95420"],
        ["FiniteQuerySandbox.DAG.Ancestry:importAllArts", "be80e2b0e5175efd"],
        ["FiniteQuerySandbox.DAG.Moralization transitive imports (legacy)",
         "36592d72aabfa8f0"],
        ["FiniteQuerySandbox.DAG.Moralization:importAllArts",
         "19b794c216bd8eda"],
        ["FiniteQuerySandbox.DAG.Trail transitive imports (legacy)",
         "36592d72aabfa8f0"],
        ["FiniteQuerySandbox.DAG.Trail:importAllArts", "dfa614bc680681e6"],
        ["FiniteQuerySandbox.DAG.BayesBall transitive imports (legacy)",
         "2ff27f6914c1ce48"],
        ["FiniteQuerySandbox.DAG.BayesBall:importAllArts", "f4626aa2b89c982a"],
        ["FiniteQuerySandbox.DAG.DSeparation transitive imports (legacy)",
         "9c31053efcdabd4e"],
        ["FiniteQuerySandbox.DAG.DSeparation:importAllArts",
         "9bd7729db6a4cf52"]]]]],
    ["libs",
     [["import dynlibs", "00000000000006bb"],
      ["package external libraries", "00000000000006bb"],
      ["module dynlibs", "00000000000006bb"],
      ["module plugins", "00000000000006bb"]]]]],
  ["Lean 4.30.0, commit 714601baf118066cbf3f282361339c6d06665b2a",
   "a22979b798cee25b"],
  ["/Users/ostensible_paradox/Documents/neurips26/verification/FiniteQuerySandbox/DAG/all.lean",
   "d21dd073f62c2d3b"],
  ["options", [["-DautoImplicit=false", "4a85acb881fd49d0"]]],
  ["isModule: false", "feefd2a0d3a1847e"],
  ["Module.name: FiniteQuerySandbox.DAG.all", "c3bf4fd4c56a803d"],
  ["Package.id?: (some finiteQuerySandbox)", "120e662da75708e8"],
  ["Module.leanArgs: #[]", "00000000000006bb"]],
 "depHash": "d6c937d14fd50c04"}