{"synthetic": false,
 "schemaVersion": "2025-09-10",
 "outputs":
 {"o": ["a7211f29ed912fb7.olean"],
  "m": false,
  "i": "6128870b0aceadc5.ilean",
  "c": "185d0d2c2a83b383.c"},
 "log":
 [{"message":
   ".> LEAN_PATH=/Users/ostensible_paradox/Documents/neurips26/verification/.lake/packages/Cli/.lake/build/lib/lean:/Users/ostensible_paradox/Documents/neurips26/verification/.lake/packages/batteries/.lake/build/lib/lean:/Users/ostensible_paradox/Documents/neurips26/verification/.lake/packages/Qq/.lake/build/lib/lean:/Users/ostensible_paradox/Documents/neurips26/verification/.lake/packages/aesop/.lake/build/lib/lean:/Users/ostensible_paradox/Documents/neurips26/verification/.lake/packages/proofwidgets/.lake/build/lib/lean:/Users/ostensible_paradox/Documents/neurips26/verification/.lake/packages/importGraph/.lake/build/lib/lean:/Users/ostensible_paradox/Documents/neurips26/verification/.lake/packages/LeanSearchClient/.lake/build/lib/lean:/Users/ostensible_paradox/Documents/neurips26/verification/.lake/packages/plausible/.lake/build/lib/lean:/Users/ostensible_paradox/Documents/neurips26/verification/.lake/packages/mathlib/.lake/build/lib/lean:/Users/ostensible_paradox/Documents/neurips26/verification/.lake/build/lib/lean /Users/ostensible_paradox/.elan/toolchains/leanprover--lean4---v4.30.0-rc1/bin/lean /Users/ostensible_paradox/Documents/neurips26/verification/FiniteQuerySandbox/DAG/Basic.lean -o /Users/ostensible_paradox/Documents/neurips26/verification/.lake/build/lib/lean/FiniteQuerySandbox/DAG/Basic.olean -i /Users/ostensible_paradox/Documents/neurips26/verification/.lake/build/lib/lean/FiniteQuerySandbox/DAG/Basic.ilean -c /Users/ostensible_paradox/Documents/neurips26/verification/.lake/build/ir/FiniteQuerySandbox/DAG/Basic.c --setup /Users/ostensible_paradox/Documents/neurips26/verification/.lake/build/ir/FiniteQuerySandbox/DAG/Basic.setup.json --json",
   "level": "trace"}],
 "inputs":
 [["FiniteQuerySandbox.DAG.Basic:deps",
   [["deps",
     [["finiteQuerySandbox/FiniteQuerySandbox:extraDep",
       [["@finiteQuerySandbox:extraDep", "00000000000006bb"]]],
      ["imports",
       [["Mathlib transitive imports (legacy)", "a207dd903ca3d7b4"],
        ["Mathlib:importAllArts", "2729a0c7f707ddd8"]]]]],
    ["libs",
     [["import dynlibs", "00000000000006bb"],
      ["package external libraries", "00000000000006bb"],
      ["module dynlibs", "00000000000006bb"],
      ["module plugins", "00000000000006bb"]]]]],
  ["Lean 4.30.0, commit 714601baf118066cbf3f282361339c6d06665b2a",
   "a22979b798cee25b"],
  ["/Users/ostensible_paradox/Documents/neurips26/verification/FiniteQuerySandbox/DAG/Basic.lean",
   "6940b58772fcbd96"],
  ["options", [["-DautoImplicit=false", "4a85acb881fd49d0"]]],
  ["isModule: false", "feefd2a0d3a1847e"],
  ["Module.name: FiniteQuerySandbox.DAG.Basic", "a8828c322e922e0b"],
  ["Package.id?: (some finiteQuerySandbox)", "120e662da75708e8"],
  ["Module.leanArgs: #[]", "00000000000006bb"]],
 "depHash": "909cdaa2bb150e37"}