{"synthetic": false,
 "schemaVersion": "2025-09-10",
 "outputs":
 {"o": ["78ff865a3a567bbf.olean"],
  "m": false,
  "i": "500338d4c4cc78f5.ilean",
  "c": "5a76aab43c108a5d.c"},
 "log":
 [{"message":
   ".> LEAN_PATH=/Users/ostensible_paradox/Documents/neurips26/verification/.lake/packages/Cli/.lake/build/lib/lean:/Users/ostensible_paradox/Documents/neurips26/verification/.lake/packages/batteries/.lake/build/lib/lean:/Users/ostensible_paradox/Documents/neurips26/verification/.lake/packages/Qq/.lake/build/lib/lean:/Users/ostensible_paradox/Documents/neurips26/verification/.lake/packages/aesop/.lake/build/lib/lean:/Users/ostensible_paradox/Documents/neurips26/verification/.lake/packages/proofwidgets/.lake/build/lib/lean:/Users/ostensible_paradox/Documents/neurips26/verification/.lake/packages/importGraph/.lake/build/lib/lean:/Users/ostensible_paradox/Documents/neurips26/verification/.lake/packages/LeanSearchClient/.lake/build/lib/lean:/Users/ostensible_paradox/Documents/neurips26/verification/.lake/packages/plausible/.lake/build/lib/lean:/Users/ostensible_paradox/Documents/neurips26/verification/.lake/packages/mathlib/.lake/build/lib/lean:/Users/ostensible_paradox/Documents/neurips26/verification/.lake/build/lib/lean /Users/ostensible_paradox/.elan/toolchains/leanprover--lean4---v4.30.0-rc1/bin/lean /Users/ostensible_paradox/Documents/neurips26/verification/FiniteQuerySandbox/InfoTheory/all.lean -o /Users/ostensible_paradox/Documents/neurips26/verification/.lake/build/lib/lean/FiniteQuerySandbox/InfoTheory/all.olean -i /Users/ostensible_paradox/Documents/neurips26/verification/.lake/build/lib/lean/FiniteQuerySandbox/InfoTheory/all.ilean -c /Users/ostensible_paradox/Documents/neurips26/verification/.lake/build/ir/FiniteQuerySandbox/InfoTheory/all.c --setup /Users/ostensible_paradox/Documents/neurips26/verification/.lake/build/ir/FiniteQuerySandbox/InfoTheory/all.setup.json --json",
   "level": "trace"}],
 "inputs":
 [["FiniteQuerySandbox.InfoTheory.all:deps",
   [["deps",
     [["finiteQuerySandbox/FiniteQuerySandbox:extraDep",
       [["@finiteQuerySandbox:extraDep", "00000000000006bb"]]],
      ["imports",
       [["FiniteQuerySandbox.InfoTheory.Basic transitive imports (legacy)",
         "d9cccdc7653cde5f"],
        ["FiniteQuerySandbox.InfoTheory.Basic:importAllArts",
         "b355b2ad07450252"],
        ["FiniteQuerySandbox.InfoTheory.KL transitive imports (legacy)",
         "5cbf14da82396263"],
        ["FiniteQuerySandbox.InfoTheory.KL:importAllArts", "7ae814ce6a17e76c"],
        ["FiniteQuerySandbox.InfoTheory.Entropy transitive imports (legacy)",
         "8791724520cb2ff9"],
        ["FiniteQuerySandbox.InfoTheory.Entropy:importAllArts",
         "864809b1ab7790cc"],
        ["FiniteQuerySandbox.InfoTheory.Marginal transitive imports (legacy)",
         "5cbf14da82396263"],
        ["FiniteQuerySandbox.InfoTheory.Marginal:importAllArts",
         "7e525dd191ac0b62"],
        ["FiniteQuerySandbox.InfoTheory.MutualInfo transitive imports (legacy)",
         "734742f339728d87"],
        ["FiniteQuerySandbox.InfoTheory.MutualInfo:importAllArts",
         "81ed7f1e121018c2"],
        ["FiniteQuerySandbox.InfoTheory.Conditional transitive imports (legacy)",
         "c5a17268f7d5943d"],
        ["FiniteQuerySandbox.InfoTheory.Conditional:importAllArts",
         "1b2ad170857c7600"],
        ["FiniteQuerySandbox.InfoTheory.DPI transitive imports (legacy)",
         "ea9540c8e47361c4"],
        ["FiniteQuerySandbox.InfoTheory.DPI:importAllArts",
         "f68260b18a6b7cf4"]]]]],
    ["libs",
     [["import dynlibs", "00000000000006bb"],
      ["package external libraries", "00000000000006bb"],
      ["module dynlibs", "00000000000006bb"],
      ["module plugins", "00000000000006bb"]]]]],
  ["Lean 4.30.0, commit 714601baf118066cbf3f282361339c6d06665b2a",
   "a22979b798cee25b"],
  ["/Users/ostensible_paradox/Documents/neurips26/verification/FiniteQuerySandbox/InfoTheory/all.lean",
   "6e49b3fb03bb8a26"],
  ["options", [["-DautoImplicit=false", "4a85acb881fd49d0"]]],
  ["isModule: false", "feefd2a0d3a1847e"],
  ["Module.name: FiniteQuerySandbox.InfoTheory.all", "a4afe5d5f2b30a46"],
  ["Package.id?: (some finiteQuerySandbox)", "120e662da75708e8"],
  ["Module.leanArgs: #[]", "00000000000006bb"]],
 "depHash": "67b3e79dc138b801"}