{"synthetic": false,
 "schemaVersion": "2025-09-10",
 "outputs":
 {"o": ["8589b691f8501532.olean"],
  "m": false,
  "i": "5f87d68d6857d8be.ilean",
  "c": "615151c1f19e32b0.c"},
 "log":
 [{"message":
   ".> LEAN_PATH=/Users/ostensible_paradox/Documents/neurips26/verification/.lake/packages/Cli/.lake/build/lib/lean:/Users/ostensible_paradox/Documents/neurips26/verification/.lake/packages/batteries/.lake/build/lib/lean:/Users/ostensible_paradox/Documents/neurips26/verification/.lake/packages/Qq/.lake/build/lib/lean:/Users/ostensible_paradox/Documents/neurips26/verification/.lake/packages/aesop/.lake/build/lib/lean:/Users/ostensible_paradox/Documents/neurips26/verification/.lake/packages/proofwidgets/.lake/build/lib/lean:/Users/ostensible_paradox/Documents/neurips26/verification/.lake/packages/importGraph/.lake/build/lib/lean:/Users/ostensible_paradox/Documents/neurips26/verification/.lake/packages/LeanSearchClient/.lake/build/lib/lean:/Users/ostensible_paradox/Documents/neurips26/verification/.lake/packages/plausible/.lake/build/lib/lean:/Users/ostensible_paradox/Documents/neurips26/verification/.lake/packages/mathlib/.lake/build/lib/lean:/Users/ostensible_paradox/Documents/neurips26/verification/.lake/build/lib/lean /Users/ostensible_paradox/.elan/toolchains/leanprover--lean4---v4.30.0-rc1/bin/lean /Users/ostensible_paradox/Documents/neurips26/verification/FiniteQuerySandbox/InfoTheory/Conditional.lean -o /Users/ostensible_paradox/Documents/neurips26/verification/.lake/build/lib/lean/FiniteQuerySandbox/InfoTheory/Conditional.olean -i /Users/ostensible_paradox/Documents/neurips26/verification/.lake/build/lib/lean/FiniteQuerySandbox/InfoTheory/Conditional.ilean -c /Users/ostensible_paradox/Documents/neurips26/verification/.lake/build/ir/FiniteQuerySandbox/InfoTheory/Conditional.c --setup /Users/ostensible_paradox/Documents/neurips26/verification/.lake/build/ir/FiniteQuerySandbox/InfoTheory/Conditional.setup.json --json",
   "level": "trace"}],
 "inputs":
 [["FiniteQuerySandbox.InfoTheory.Conditional:deps",
   [["deps",
     [["finiteQuerySandbox/FiniteQuerySandbox:extraDep",
       [["@finiteQuerySandbox:extraDep", "00000000000006bb"]]],
      ["imports",
       [["FiniteQuerySandbox.InfoTheory.MutualInfo transitive imports (legacy)",
         "734742f339728d87"],
        ["FiniteQuerySandbox.InfoTheory.MutualInfo:importAllArts",
         "81ed7f1e121018c2"]]]]],
    ["libs",
     [["import dynlibs", "00000000000006bb"],
      ["package external libraries", "00000000000006bb"],
      ["module dynlibs", "00000000000006bb"],
      ["module plugins", "00000000000006bb"]]]]],
  ["Lean 4.30.0, commit 714601baf118066cbf3f282361339c6d06665b2a",
   "a22979b798cee25b"],
  ["/Users/ostensible_paradox/Documents/neurips26/verification/FiniteQuerySandbox/InfoTheory/Conditional.lean",
   "d886479ea21b647f"],
  ["options", [["-DautoImplicit=false", "4a85acb881fd49d0"]]],
  ["isModule: false", "feefd2a0d3a1847e"],
  ["Module.name: FiniteQuerySandbox.InfoTheory.Conditional",
   "9dc8b5f2cb8aaff7"],
  ["Package.id?: (some finiteQuerySandbox)", "120e662da75708e8"],
  ["Module.leanArgs: #[]", "00000000000006bb"]],
 "depHash": "e7858f67d1240bb0"}